                              1 ;--------------------------------------------------------
                              2 ; File Created by SDCC : free open source ANSI-C Compiler
                              3 ; Version 3.6.0 #9615 (MINGW64)
                              4 ;--------------------------------------------------------
                              5 	.module bomb_b3
                              6 	.optsdcc -mgbz80
                              7 	
                              8 ;--------------------------------------------------------
                              9 ; Public variables in this module
                             10 ;--------------------------------------------------------
                             11 	.globl _bomb
                             12 ;--------------------------------------------------------
                             13 ; ram data
                             14 ;--------------------------------------------------------
                             15 	.area _DATA
                             16 ;--------------------------------------------------------
                             17 ; absolute external ram data
                             18 ;--------------------------------------------------------
                             19 	.area _DABS (ABS)
                             20 ;--------------------------------------------------------
                             21 ; global & static initialisations
                             22 ;--------------------------------------------------------
                             23 	.area _HOME
                             24 	.area _GSINIT
                             25 	.area _GSFINAL
                             26 	.area _GSINIT
                             27 ;--------------------------------------------------------
                             28 ; Home
                             29 ;--------------------------------------------------------
                             30 	.area _HOME
                             31 	.area _HOME
                             32 ;--------------------------------------------------------
                             33 ; code
                             34 ;--------------------------------------------------------
                             35 	.area _CODE
                             36 	.area _CODE
                             37 	.area _CODE_3
   0000                      38 _bomb:
   0000 01                   39 	.db #0x01	; 1
   0001 01                   40 	.db #0x01	; 1
   0002 00                   41 	.db #0x00	; 0
   0003 00                   42 	.db #0x00	; 0
   0004 00                   43 	.db #0x00	; 0
   0005 00                   44 	.db #0x00	; 0
   0006 01                   45 	.db #0x01	; 1
   0007 01                   46 	.db #0x01	; 1
   0008 02                   47 	.db #0x02	; 2
   0009 02                   48 	.db #0x02	; 2
   000A 01                   49 	.db #0x01	; 1
   000B 01                   50 	.db #0x01	; 1
   000C 01                   51 	.db #0x01	; 1
   000D 01                   52 	.db #0x01	; 1
   000E 03                   53 	.db #0x03	; 3
   000F 03                   54 	.db #0x03	; 3
   0010 0C                   55 	.db #0x0c	; 12
   0011 0F                   56 	.db #0x0f	; 15
   0012 1C                   57 	.db #0x1c	; 28
   0013 1B                   58 	.db #0x1b	; 27
   0014 38                   59 	.db #0x38	; 56	'8'
   0015 37                   60 	.db #0x37	; 55	'7'
   0016 38                   61 	.db #0x38	; 56	'8'
   0017 27                   62 	.db #0x27	; 39
   0018 30                   63 	.db #0x30	; 48	'0'
   0019 2F                   64 	.db #0x2f	; 47
   001A 30                   65 	.db #0x30	; 48	'0'
   001B 3F                   66 	.db #0x3f	; 63
   001C 18                   67 	.db #0x18	; 24
   001D 1F                   68 	.db #0x1f	; 31
   001E 0F                   69 	.db #0x0f	; 15
   001F 0F                   70 	.db #0x0f	; 15
   0020 00                   71 	.db #0x00	; 0
   0021 00                   72 	.db #0x00	; 0
   0022 80                   73 	.db #0x80	; 128
   0023 80                   74 	.db #0x80	; 128
   0024 40                   75 	.db #0x40	; 64
   0025 40                   76 	.db #0x40	; 64
   0026 C0                   77 	.db #0xc0	; 192
   0027 C0                   78 	.db #0xc0	; 192
   0028 00                   79 	.db #0x00	; 0
   0029 00                   80 	.db #0x00	; 0
   002A 00                   81 	.db #0x00	; 0
   002B 00                   82 	.db #0x00	; 0
   002C 00                   83 	.db #0x00	; 0
   002D 00                   84 	.db #0x00	; 0
   002E 80                   85 	.db #0x80	; 128
   002F 80                   86 	.db #0x80	; 128
   0030 60                   87 	.db #0x60	; 96
   0031 E0                   88 	.db #0xe0	; 224
   0032 30                   89 	.db #0x30	; 48	'0'
   0033 F0                   90 	.db #0xf0	; 240
   0034 18                   91 	.db #0x18	; 24
   0035 F8                   92 	.db #0xf8	; 248
   0036 08                   93 	.db #0x08	; 8
   0037 F8                   94 	.db #0xf8	; 248
   0038 08                   95 	.db #0x08	; 8
   0039 F8                   96 	.db #0xf8	; 248
   003A 18                   97 	.db #0x18	; 24
   003B F8                   98 	.db #0xf8	; 248
   003C 30                   99 	.db #0x30	; 48	'0'
   003D F0                  100 	.db #0xf0	; 240
   003E E0                  101 	.db #0xe0	; 224
   003F E0                  102 	.db #0xe0	; 224
   0040 00                  103 	.db #0x00	; 0
   0041 00                  104 	.db #0x00	; 0
   0042 00                  105 	.db #0x00	; 0
   0043 00                  106 	.db #0x00	; 0
   0044 00                  107 	.db #0x00	; 0
   0045 00                  108 	.db #0x00	; 0
   0046 01                  109 	.db #0x01	; 1
   0047 01                  110 	.db #0x01	; 1
   0048 02                  111 	.db #0x02	; 2
   0049 02                  112 	.db #0x02	; 2
   004A 01                  113 	.db #0x01	; 1
   004B 01                  114 	.db #0x01	; 1
   004C 01                  115 	.db #0x01	; 1
   004D 01                  116 	.db #0x01	; 1
   004E 03                  117 	.db #0x03	; 3
   004F 03                  118 	.db #0x03	; 3
   0050 0C                  119 	.db #0x0c	; 12
   0051 0F                  120 	.db #0x0f	; 15
   0052 1C                  121 	.db #0x1c	; 28
   0053 1B                  122 	.db #0x1b	; 27
   0054 38                  123 	.db #0x38	; 56	'8'
   0055 37                  124 	.db #0x37	; 55	'7'
   0056 38                  125 	.db #0x38	; 56	'8'
   0057 27                  126 	.db #0x27	; 39
   0058 30                  127 	.db #0x30	; 48	'0'
   0059 2F                  128 	.db #0x2f	; 47
   005A 30                  129 	.db #0x30	; 48	'0'
   005B 3F                  130 	.db #0x3f	; 63
   005C 18                  131 	.db #0x18	; 24
   005D 1F                  132 	.db #0x1f	; 31
   005E 0F                  133 	.db #0x0f	; 15
   005F 0F                  134 	.db #0x0f	; 15
   0060 00                  135 	.db #0x00	; 0
   0061 00                  136 	.db #0x00	; 0
   0062 00                  137 	.db #0x00	; 0
   0063 00                  138 	.db #0x00	; 0
   0064 00                  139 	.db #0x00	; 0
   0065 00                  140 	.db #0x00	; 0
   0066 C0                  141 	.db #0xc0	; 192
   0067 C0                  142 	.db #0xc0	; 192
   0068 00                  143 	.db #0x00	; 0
   0069 00                  144 	.db #0x00	; 0
   006A 00                  145 	.db #0x00	; 0
   006B 00                  146 	.db #0x00	; 0
   006C 00                  147 	.db #0x00	; 0
   006D 00                  148 	.db #0x00	; 0
   006E 80                  149 	.db #0x80	; 128
   006F 80                  150 	.db #0x80	; 128
   0070 60                  151 	.db #0x60	; 96
   0071 E0                  152 	.db #0xe0	; 224
   0072 30                  153 	.db #0x30	; 48	'0'
   0073 F0                  154 	.db #0xf0	; 240
   0074 18                  155 	.db #0x18	; 24
   0075 F8                  156 	.db #0xf8	; 248
   0076 08                  157 	.db #0x08	; 8
   0077 F8                  158 	.db #0xf8	; 248
   0078 08                  159 	.db #0x08	; 8
   0079 F8                  160 	.db #0xf8	; 248
   007A 18                  161 	.db #0x18	; 24
   007B F8                  162 	.db #0xf8	; 248
   007C 30                  163 	.db #0x30	; 48	'0'
   007D F0                  164 	.db #0xf0	; 240
   007E E0                  165 	.db #0xe0	; 224
   007F E0                  166 	.db #0xe0	; 224
   0080 00                  167 	.db #0x00	; 0
   0081 00                  168 	.db #0x00	; 0
   0082 00                  169 	.db #0x00	; 0
   0083 00                  170 	.db #0x00	; 0
   0084 00                  171 	.db #0x00	; 0
   0085 00                  172 	.db #0x00	; 0
   0086 00                  173 	.db #0x00	; 0
   0087 00                  174 	.db #0x00	; 0
   0088 02                  175 	.db #0x02	; 2
   0089 02                  176 	.db #0x02	; 2
   008A 01                  177 	.db #0x01	; 1
   008B 01                  178 	.db #0x01	; 1
   008C 01                  179 	.db #0x01	; 1
   008D 01                  180 	.db #0x01	; 1
   008E 03                  181 	.db #0x03	; 3
   008F 03                  182 	.db #0x03	; 3
   0090 0C                  183 	.db #0x0c	; 12
   0091 0F                  184 	.db #0x0f	; 15
   0092 1C                  185 	.db #0x1c	; 28
   0093 1B                  186 	.db #0x1b	; 27
   0094 38                  187 	.db #0x38	; 56	'8'
   0095 37                  188 	.db #0x37	; 55	'7'
   0096 38                  189 	.db #0x38	; 56	'8'
   0097 27                  190 	.db #0x27	; 39
   0098 30                  191 	.db #0x30	; 48	'0'
   0099 2F                  192 	.db #0x2f	; 47
   009A 30                  193 	.db #0x30	; 48	'0'
   009B 3F                  194 	.db #0x3f	; 63
   009C 18                  195 	.db #0x18	; 24
   009D 1F                  196 	.db #0x1f	; 31
   009E 0F                  197 	.db #0x0f	; 15
   009F 0F                  198 	.db #0x0f	; 15
   00A0 00                  199 	.db #0x00	; 0
   00A1 00                  200 	.db #0x00	; 0
   00A2 00                  201 	.db #0x00	; 0
   00A3 00                  202 	.db #0x00	; 0
   00A4 00                  203 	.db #0x00	; 0
   00A5 00                  204 	.db #0x00	; 0
   00A6 00                  205 	.db #0x00	; 0
   00A7 00                  206 	.db #0x00	; 0
   00A8 00                  207 	.db #0x00	; 0
   00A9 00                  208 	.db #0x00	; 0
   00AA 00                  209 	.db #0x00	; 0
   00AB 00                  210 	.db #0x00	; 0
   00AC 00                  211 	.db #0x00	; 0
   00AD 00                  212 	.db #0x00	; 0
   00AE 80                  213 	.db #0x80	; 128
   00AF 80                  214 	.db #0x80	; 128
   00B0 60                  215 	.db #0x60	; 96
   00B1 E0                  216 	.db #0xe0	; 224
   00B2 30                  217 	.db #0x30	; 48	'0'
   00B3 F0                  218 	.db #0xf0	; 240
   00B4 18                  219 	.db #0x18	; 24
   00B5 F8                  220 	.db #0xf8	; 248
   00B6 08                  221 	.db #0x08	; 8
   00B7 F8                  222 	.db #0xf8	; 248
   00B8 08                  223 	.db #0x08	; 8
   00B9 F8                  224 	.db #0xf8	; 248
   00BA 18                  225 	.db #0x18	; 24
   00BB F8                  226 	.db #0xf8	; 248
   00BC 30                  227 	.db #0x30	; 48	'0'
   00BD F0                  228 	.db #0xf0	; 240
   00BE E0                  229 	.db #0xe0	; 224
   00BF E0                  230 	.db #0xe0	; 224
   00C0 00                  231 	.db #0x00	; 0
   00C1 00                  232 	.db #0x00	; 0
   00C2 00                  233 	.db #0x00	; 0
   00C3 00                  234 	.db #0x00	; 0
   00C4 00                  235 	.db #0x00	; 0
   00C5 00                  236 	.db #0x00	; 0
   00C6 00                  237 	.db #0x00	; 0
   00C7 00                  238 	.db #0x00	; 0
   00C8 00                  239 	.db #0x00	; 0
   00C9 00                  240 	.db #0x00	; 0
   00CA 00                  241 	.db #0x00	; 0
   00CB 00                  242 	.db #0x00	; 0
   00CC 00                  243 	.db #0x00	; 0
   00CD 00                  244 	.db #0x00	; 0
   00CE 03                  245 	.db #0x03	; 3
   00CF 03                  246 	.db #0x03	; 3
   00D0 0C                  247 	.db #0x0c	; 12
   00D1 0F                  248 	.db #0x0f	; 15
   00D2 1C                  249 	.db #0x1c	; 28
   00D3 1B                  250 	.db #0x1b	; 27
   00D4 38                  251 	.db #0x38	; 56	'8'
   00D5 37                  252 	.db #0x37	; 55	'7'
   00D6 38                  253 	.db #0x38	; 56	'8'
   00D7 27                  254 	.db #0x27	; 39
   00D8 30                  255 	.db #0x30	; 48	'0'
   00D9 2F                  256 	.db #0x2f	; 47
   00DA 30                  257 	.db #0x30	; 48	'0'
   00DB 3F                  258 	.db #0x3f	; 63
   00DC 18                  259 	.db #0x18	; 24
   00DD 1F                  260 	.db #0x1f	; 31
   00DE 0F                  261 	.db #0x0f	; 15
   00DF 0F                  262 	.db #0x0f	; 15
   00E0 00                  263 	.db #0x00	; 0
   00E1 00                  264 	.db #0x00	; 0
   00E2 00                  265 	.db #0x00	; 0
   00E3 00                  266 	.db #0x00	; 0
   00E4 00                  267 	.db #0x00	; 0
   00E5 00                  268 	.db #0x00	; 0
   00E6 00                  269 	.db #0x00	; 0
   00E7 00                  270 	.db #0x00	; 0
   00E8 00                  271 	.db #0x00	; 0
   00E9 00                  272 	.db #0x00	; 0
   00EA 00                  273 	.db #0x00	; 0
   00EB 00                  274 	.db #0x00	; 0
   00EC 00                  275 	.db #0x00	; 0
   00ED 00                  276 	.db #0x00	; 0
   00EE 80                  277 	.db #0x80	; 128
   00EF 80                  278 	.db #0x80	; 128
   00F0 60                  279 	.db #0x60	; 96
   00F1 E0                  280 	.db #0xe0	; 224
   00F2 30                  281 	.db #0x30	; 48	'0'
   00F3 F0                  282 	.db #0xf0	; 240
   00F4 18                  283 	.db #0x18	; 24
   00F5 F8                  284 	.db #0xf8	; 248
   00F6 08                  285 	.db #0x08	; 8
   00F7 F8                  286 	.db #0xf8	; 248
   00F8 08                  287 	.db #0x08	; 8
   00F9 F8                  288 	.db #0xf8	; 248
   00FA 18                  289 	.db #0x18	; 24
   00FB F8                  290 	.db #0xf8	; 248
   00FC 30                  291 	.db #0x30	; 48	'0'
   00FD F0                  292 	.db #0xf0	; 240
   00FE E0                  293 	.db #0xe0	; 224
   00FF E0                  294 	.db #0xe0	; 224
   0100 80                  295 	.db #0x80	; 128
   0101 80                  296 	.db #0x80	; 128
   0102 C1                  297 	.db #0xc1	; 193
   0103 C1                  298 	.db #0xc1	; 193
   0104 41                  299 	.db #0x41	; 65	'A'
   0105 41                  300 	.db #0x41	; 65	'A'
   0106 21                  301 	.db #0x21	; 33
   0107 21                  302 	.db #0x21	; 33
   0108 31                  303 	.db #0x31	; 49	'1'
   0109 31                  304 	.db #0x31	; 49	'1'
   010A 01                  305 	.db #0x01	; 1
   010B 01                  306 	.db #0x01	; 1
   010C C1                  307 	.db #0xc1	; 193
   010D C1                  308 	.db #0xc1	; 193
   010E 74                  309 	.db #0x74	; 116	't'
   010F 74                  310 	.db #0x74	; 116	't'
   0110 0C                  311 	.db #0x0c	; 12
   0111 0C                  312 	.db #0x0c	; 12
   0112 C0                  313 	.db #0xc0	; 192
   0113 C0                  314 	.db #0xc0	; 192
   0114 70                  315 	.db #0x70	; 112	'p'
   0115 70                  316 	.db #0x70	; 112	'p'
   0116 80                  317 	.db #0x80	; 128
   0117 80                  318 	.db #0x80	; 128
   0118 E0                  319 	.db #0xe0	; 224
   0119 E0                  320 	.db #0xe0	; 224
   011A 03                  321 	.db #0x03	; 3
   011B 03                  322 	.db #0x03	; 3
   011C 04                  323 	.db #0x04	; 4
   011D 04                  324 	.db #0x04	; 4
   011E F8                  325 	.db #0xf8	; 248
   011F F8                  326 	.db #0xf8	; 248
   0120 80                  327 	.db #0x80	; 128
   0121 80                  328 	.db #0x80	; 128
   0122 93                  329 	.db #0x93	; 147
   0123 93                  330 	.db #0x93	; 147
   0124 22                  331 	.db #0x22	; 34
   0125 22                  332 	.db #0x22	; 34
   0126 62                  333 	.db #0x62	; 98	'b'
   0127 62                  334 	.db #0x62	; 98	'b'
   0128 44                  335 	.db #0x44	; 68	'D'
   0129 44                  336 	.db #0x44	; 68	'D'
   012A 48                  337 	.db #0x48	; 72	'H'
   012B 48                  338 	.db #0x48	; 72	'H'
   012C C7                  339 	.db #0xc7	; 199
   012D C7                  340 	.db #0xc7	; 199
   012E 01                  341 	.db #0x01	; 1
   012F 01                  342 	.db #0x01	; 1
   0130 06                  343 	.db #0x06	; 6
   0131 06                  344 	.db #0x06	; 6
   0132 00                  345 	.db #0x00	; 0
   0133 00                  346 	.db #0x00	; 0
   0134 30                  347 	.db #0x30	; 48	'0'
   0135 30                  348 	.db #0x30	; 48	'0'
   0136 28                  349 	.db #0x28	; 40
   0137 28                  350 	.db #0x28	; 40
   0138 26                  351 	.db #0x26	; 38
   0139 26                  352 	.db #0x26	; 38
   013A B1                  353 	.db #0xb1	; 177
   013B B1                  354 	.db #0xb1	; 177
   013C 98                  355 	.db #0x98	; 152
   013D 98                  356 	.db #0x98	; 152
   013E 84                  357 	.db #0x84	; 132
   013F 84                  358 	.db #0x84	; 132
   0140 40                  359 	.db #0x40	; 64
   0141 40                  360 	.db #0x40	; 64
   0142 F3                  361 	.db #0xf3	; 243
   0143 F3                  362 	.db #0xf3	; 243
   0144 99                  363 	.db #0x99	; 153
   0145 99                  364 	.db #0x99	; 153
   0146 19                  365 	.db #0x19	; 25
   0147 19                  366 	.db #0x19	; 25
   0148 2E                  367 	.db #0x2e	; 46
   0149 2E                  368 	.db #0x2e	; 46
   014A 3F                  369 	.db #0x3f	; 63
   014B 3F                  370 	.db #0x3f	; 63
   014C FC                  371 	.db #0xfc	; 252
   014D FC                  372 	.db #0xfc	; 252
   014E A0                  373 	.db #0xa0	; 160
   014F A0                  374 	.db #0xa0	; 160
   0150 19                  375 	.db #0x19	; 25
   0151 19                  376 	.db #0x19	; 25
   0152 C1                  377 	.db #0xc1	; 193
   0153 C1                  378 	.db #0xc1	; 193
   0154 87                  379 	.db #0x87	; 135
   0155 87                  380 	.db #0x87	; 135
   0156 4D                  381 	.db #0x4d	; 77	'M'
   0157 4D                  382 	.db #0x4d	; 77	'M'
   0158 D9                  383 	.db #0xd9	; 217
   0159 D9                  384 	.db #0xd9	; 217
   015A 13                  385 	.db #0x13	; 19
   015B 13                  386 	.db #0x13	; 19
   015C 06                  387 	.db #0x06	; 6
   015D 06                  388 	.db #0x06	; 6
   015E 88                  389 	.db #0x88	; 136
   015F 88                  390 	.db #0x88	; 136
   0160 40                  391 	.db #0x40	; 64
   0161 40                  392 	.db #0x40	; 64
   0162 F8                  393 	.db #0xf8	; 248
   0163 F8                  394 	.db #0xf8	; 248
   0164 2C                  395 	.db #0x2c	; 44
   0165 2C                  396 	.db #0x2c	; 44
   0166 A5                  397 	.db #0xa5	; 165
   0167 A5                  398 	.db #0xa5	; 165
   0168 AF                  399 	.db #0xaf	; 175
   0169 AF                  400 	.db #0xaf	; 175
   016A A8                  401 	.db #0xa8	; 168
   016B A8                  402 	.db #0xa8	; 168
   016C F0                  403 	.db #0xf0	; 240
   016D F0                  404 	.db #0xf0	; 240
   016E 3B                  405 	.db #0x3b	; 59
   016F 3B                  406 	.db #0x3b	; 59
   0170 0C                  407 	.db #0x0c	; 12
   0171 0C                  408 	.db #0x0c	; 12
   0172 00                  409 	.db #0x00	; 0
   0173 00                  410 	.db #0x00	; 0
   0174 13                  411 	.db #0x13	; 19
   0175 13                  412 	.db #0x13	; 19
   0176 90                  413 	.db #0x90	; 144
   0177 90                  414 	.db #0x90	; 144
   0178 11                  415 	.db #0x11	; 17
   0179 11                  416 	.db #0x11	; 17
   017A 78                  417 	.db #0x78	; 120	'x'
   017B 78                  418 	.db #0x78	; 120	'x'
   017C 48                  419 	.db #0x48	; 72	'H'
   017D 48                  420 	.db #0x48	; 72	'H'
   017E 47                  421 	.db #0x47	; 71	'G'
   017F 47                  422 	.db #0x47	; 71	'G'
   0180 8C                  423 	.db #0x8c	; 140
   0181 8C                  424 	.db #0x8c	; 140
   0182 CD                  425 	.db #0xcd	; 205
   0183 CD                  426 	.db #0xcd	; 205
   0184 47                  427 	.db #0x47	; 71	'G'
   0185 47                  428 	.db #0x47	; 71	'G'
   0186 25                  429 	.db #0x25	; 37
   0187 25                  430 	.db #0x25	; 37
   0188 35                  431 	.db #0x35	; 53	'5'
   0189 35                  432 	.db #0x35	; 53	'5'
   018A 05                  433 	.db #0x05	; 5
   018B 05                  434 	.db #0x05	; 5
   018C C5                  435 	.db #0xc5	; 197
   018D C5                  436 	.db #0xc5	; 197
   018E 74                  437 	.db #0x74	; 116	't'
   018F 74                  438 	.db #0x74	; 116	't'
   0190 0C                  439 	.db #0x0c	; 12
   0191 0C                  440 	.db #0x0c	; 12
   0192 C0                  441 	.db #0xc0	; 192
   0193 C0                  442 	.db #0xc0	; 192
   0194 70                  443 	.db #0x70	; 112	'p'
   0195 70                  444 	.db #0x70	; 112	'p'
   0196 82                  445 	.db #0x82	; 130
   0197 82                  446 	.db #0x82	; 130
   0198 E7                  447 	.db #0xe7	; 231
   0199 E7                  448 	.db #0xe7	; 231
   019A 07                  449 	.db #0x07	; 7
   019B 07                  450 	.db #0x07	; 7
   019C 0C                  451 	.db #0x0c	; 12
   019D 0C                  452 	.db #0x0c	; 12
   019E F8                  453 	.db #0xf8	; 248
   019F F8                  454 	.db #0xf8	; 248
   01A0 80                  455 	.db #0x80	; 128
   01A1 80                  456 	.db #0x80	; 128
   01A2 93                  457 	.db #0x93	; 147
   01A3 93                  458 	.db #0x93	; 147
   01A4 A2                  459 	.db #0xa2	; 162
   01A5 A2                  460 	.db #0xa2	; 162
   01A6 62                  461 	.db #0x62	; 98	'b'
   01A7 62                  462 	.db #0x62	; 98	'b'
   01A8 44                  463 	.db #0x44	; 68	'D'
   01A9 44                  464 	.db #0x44	; 68	'D'
   01AA 48                  465 	.db #0x48	; 72	'H'
   01AB 48                  466 	.db #0x48	; 72	'H'
   01AC CF                  467 	.db #0xcf	; 207
   01AD CF                  468 	.db #0xcf	; 207
   01AE 79                  469 	.db #0x79	; 121	'y'
   01AF 79                  470 	.db #0x79	; 121	'y'
   01B0 06                  471 	.db #0x06	; 6
   01B1 06                  472 	.db #0x06	; 6
   01B2 00                  473 	.db #0x00	; 0
   01B3 00                  474 	.db #0x00	; 0
   01B4 30                  475 	.db #0x30	; 48	'0'
   01B5 30                  476 	.db #0x30	; 48	'0'
   01B6 28                  477 	.db #0x28	; 40
   01B7 28                  478 	.db #0x28	; 40
   01B8 FE                  479 	.db #0xfe	; 254
   01B9 FE                  480 	.db #0xfe	; 254
   01BA B1                  481 	.db #0xb1	; 177
   01BB B1                  482 	.db #0xb1	; 177
   01BC 98                  483 	.db #0x98	; 152
   01BD 98                  484 	.db #0x98	; 152
   01BE 84                  485 	.db #0x84	; 132
   01BF 84                  486 	.db #0x84	; 132
                            487 	.area _CABS (ABS)
