                              1 ;--------------------------------------------------------
                              2 ; File Created by SDCC : free open source ANSI-C Compiler
                              3 ; Version 3.6.0 #9615 (MINGW64)
                              4 ;--------------------------------------------------------
                              5 	.module dooropen_b3
                              6 	.optsdcc -mgbz80
                              7 	
                              8 ;--------------------------------------------------------
                              9 ; Public variables in this module
                             10 ;--------------------------------------------------------
                             11 	.globl _dooropen
                             12 ;--------------------------------------------------------
                             13 ; ram data
                             14 ;--------------------------------------------------------
                             15 	.area _DATA
                             16 ;--------------------------------------------------------
                             17 ; absolute external ram data
                             18 ;--------------------------------------------------------
                             19 	.area _DABS (ABS)
                             20 ;--------------------------------------------------------
                             21 ; global & static initialisations
                             22 ;--------------------------------------------------------
                             23 	.area _HOME
                             24 	.area _GSINIT
                             25 	.area _GSFINAL
                             26 	.area _GSINIT
                             27 ;--------------------------------------------------------
                             28 ; Home
                             29 ;--------------------------------------------------------
                             30 	.area _HOME
                             31 	.area _HOME
                             32 ;--------------------------------------------------------
                             33 ; code
                             34 ;--------------------------------------------------------
                             35 	.area _CODE
                             36 	.area _CODE
                             37 	.area _CODE_3
   0000                      38 _dooropen:
   0000 1F                   39 	.db #0x1f	; 31
   0001 1F                   40 	.db #0x1f	; 31
   0002 30                   41 	.db #0x30	; 48	'0'
   0003 30                   42 	.db #0x30	; 48	'0'
   0004 60                   43 	.db #0x60	; 96
   0005 60                   44 	.db #0x60	; 96
   0006 C0                   45 	.db #0xc0	; 192
   0007 C0                   46 	.db #0xc0	; 192
   0008 80                   47 	.db #0x80	; 128
   0009 80                   48 	.db #0x80	; 128
   000A 80                   49 	.db #0x80	; 128
   000B 80                   50 	.db #0x80	; 128
   000C 80                   51 	.db #0x80	; 128
   000D 80                   52 	.db #0x80	; 128
   000E 80                   53 	.db #0x80	; 128
   000F 80                   54 	.db #0x80	; 128
   0010 80                   55 	.db #0x80	; 128
   0011 80                   56 	.db #0x80	; 128
   0012 80                   57 	.db #0x80	; 128
   0013 80                   58 	.db #0x80	; 128
   0014 80                   59 	.db #0x80	; 128
   0015 80                   60 	.db #0x80	; 128
   0016 80                   61 	.db #0x80	; 128
   0017 80                   62 	.db #0x80	; 128
   0018 80                   63 	.db #0x80	; 128
   0019 80                   64 	.db #0x80	; 128
   001A 80                   65 	.db #0x80	; 128
   001B 80                   66 	.db #0x80	; 128
   001C 80                   67 	.db #0x80	; 128
   001D 80                   68 	.db #0x80	; 128
   001E FF                   69 	.db #0xff	; 255
   001F FF                   70 	.db #0xff	; 255
   0020 F8                   71 	.db #0xf8	; 248
   0021 F8                   72 	.db #0xf8	; 248
   0022 0C                   73 	.db #0x0c	; 12
   0023 0C                   74 	.db #0x0c	; 12
   0024 06                   75 	.db #0x06	; 6
   0025 06                   76 	.db #0x06	; 6
   0026 03                   77 	.db #0x03	; 3
   0027 03                   78 	.db #0x03	; 3
   0028 01                   79 	.db #0x01	; 1
   0029 01                   80 	.db #0x01	; 1
   002A 01                   81 	.db #0x01	; 1
   002B 01                   82 	.db #0x01	; 1
   002C 01                   83 	.db #0x01	; 1
   002D 01                   84 	.db #0x01	; 1
   002E 01                   85 	.db #0x01	; 1
   002F 01                   86 	.db #0x01	; 1
   0030 01                   87 	.db #0x01	; 1
   0031 01                   88 	.db #0x01	; 1
   0032 01                   89 	.db #0x01	; 1
   0033 01                   90 	.db #0x01	; 1
   0034 01                   91 	.db #0x01	; 1
   0035 01                   92 	.db #0x01	; 1
   0036 01                   93 	.db #0x01	; 1
   0037 01                   94 	.db #0x01	; 1
   0038 01                   95 	.db #0x01	; 1
   0039 01                   96 	.db #0x01	; 1
   003A 01                   97 	.db #0x01	; 1
   003B 01                   98 	.db #0x01	; 1
   003C 01                   99 	.db #0x01	; 1
   003D 01                  100 	.db #0x01	; 1
   003E FF                  101 	.db #0xff	; 255
   003F FF                  102 	.db #0xff	; 255
                            103 	.area _CABS (ABS)
