                              1 ;--------------------------------------------------------
                              2 ; File Created by SDCC : free open source ANSI-C Compiler
                              3 ; Version 3.6.0 #9615 (MINGW64)
                              4 ;--------------------------------------------------------
                              5 	.module enemy2_b3
                              6 	.optsdcc -mgbz80
                              7 	
                              8 ;--------------------------------------------------------
                              9 ; Public variables in this module
                             10 ;--------------------------------------------------------
                             11 	.globl _enemy2
                             12 ;--------------------------------------------------------
                             13 ; ram data
                             14 ;--------------------------------------------------------
                             15 	.area _DATA
                             16 ;--------------------------------------------------------
                             17 ; absolute external ram data
                             18 ;--------------------------------------------------------
                             19 	.area _DABS (ABS)
                             20 ;--------------------------------------------------------
                             21 ; global & static initialisations
                             22 ;--------------------------------------------------------
                             23 	.area _HOME
                             24 	.area _GSINIT
                             25 	.area _GSFINAL
                             26 	.area _GSINIT
                             27 ;--------------------------------------------------------
                             28 ; Home
                             29 ;--------------------------------------------------------
                             30 	.area _HOME
                             31 	.area _HOME
                             32 ;--------------------------------------------------------
                             33 ; code
                             34 ;--------------------------------------------------------
                             35 	.area _CODE
                             36 	.area _CODE
                             37 	.area _CODE_3
   0000                      38 _enemy2:
   0000 00                   39 	.db #0x00	; 0
   0001 00                   40 	.db #0x00	; 0
   0002 01                   41 	.db #0x01	; 1
   0003 1B                   42 	.db #0x1b	; 27
   0004 00                   43 	.db #0x00	; 0
   0005 1E                   44 	.db #0x1e	; 30
   0006 02                   45 	.db #0x02	; 2
   0007 1A                   46 	.db #0x1a	; 26
   0008 02                   47 	.db #0x02	; 2
   0009 12                   48 	.db #0x12	; 18
   000A 02                   49 	.db #0x02	; 2
   000B 02                   50 	.db #0x02	; 2
   000C 02                   51 	.db #0x02	; 2
   000D 02                   52 	.db #0x02	; 2
   000E 03                   53 	.db #0x03	; 3
   000F 02                   54 	.db #0x02	; 2
   0010 02                   55 	.db #0x02	; 2
   0011 02                   56 	.db #0x02	; 2
   0012 02                   57 	.db #0x02	; 2
   0013 02                   58 	.db #0x02	; 2
   0014 02                   59 	.db #0x02	; 2
   0015 02                   60 	.db #0x02	; 2
   0016 02                   61 	.db #0x02	; 2
   0017 02                   62 	.db #0x02	; 2
   0018 02                   63 	.db #0x02	; 2
   0019 02                   64 	.db #0x02	; 2
   001A 02                   65 	.db #0x02	; 2
   001B 02                   66 	.db #0x02	; 2
   001C 00                   67 	.db #0x00	; 0
   001D 00                   68 	.db #0x00	; 0
   001E 00                   69 	.db #0x00	; 0
   001F 01                   70 	.db #0x01	; 1
   0020 FC                   71 	.db #0xfc	; 252
   0021 FC                   72 	.db #0xfc	; 252
   0022 86                   73 	.db #0x86	; 134
   0023 FE                   74 	.db #0xfe	; 254
   0024 70                   75 	.db #0x70	; 112	'p'
   0025 48                   76 	.db #0x48	; 72	'H'
   0026 70                   77 	.db #0x70	; 112	'p'
   0027 08                   78 	.db #0x08	; 8
   0028 78                   79 	.db #0x78	; 120	'x'
   0029 60                   80 	.db #0x60	; 96
   002A 08                   81 	.db #0x08	; 8
   002B 7C                   82 	.db #0x7c	; 124
   002C 10                   83 	.db #0x10	; 16
   002D 7E                   84 	.db #0x7e	; 126
   002E 20                   85 	.db #0x20	; 32
   002F FE                   86 	.db #0xfe	; 254
   0030 40                   87 	.db #0x40	; 64
   0031 FA                   88 	.db #0xfa	; 250
   0032 79                   89 	.db #0x79	; 121	'y'
   0033 7B                   90 	.db #0x7b	; 123
   0034 7A                   91 	.db #0x7a	; 122	'z'
   0035 7A                   92 	.db #0x7a	; 122	'z'
   0036 FC                   93 	.db #0xfc	; 252
   0037 FC                   94 	.db #0xfc	; 252
   0038 CC                   95 	.db #0xcc	; 204
   0039 CC                   96 	.db #0xcc	; 204
   003A CC                   97 	.db #0xcc	; 204
   003B CC                   98 	.db #0xcc	; 204
   003C C0                   99 	.db #0xc0	; 192
   003D D8                  100 	.db #0xd8	; 216
   003E 00                  101 	.db #0x00	; 0
   003F 80                  102 	.db #0x80	; 128
   0040 00                  103 	.db #0x00	; 0
   0041 00                  104 	.db #0x00	; 0
   0042 01                  105 	.db #0x01	; 1
   0043 01                  106 	.db #0x01	; 1
   0044 00                  107 	.db #0x00	; 0
   0045 00                  108 	.db #0x00	; 0
   0046 00                  109 	.db #0x00	; 0
   0047 00                  110 	.db #0x00	; 0
   0048 00                  111 	.db #0x00	; 0
   0049 20                  112 	.db #0x20	; 32
   004A 00                  113 	.db #0x00	; 0
   004B F0                  114 	.db #0xf0	; 240
   004C 08                  115 	.db #0x08	; 8
   004D E8                  116 	.db #0xe8	; 232
   004E 04                  117 	.db #0x04	; 4
   004F 64                  118 	.db #0x64	; 100	'd'
   0050 03                  119 	.db #0x03	; 3
   0051 22                  120 	.db #0x22	; 34
   0052 01                  121 	.db #0x01	; 1
   0053 01                  122 	.db #0x01	; 1
   0054 00                  123 	.db #0x00	; 0
   0055 00                  124 	.db #0x00	; 0
   0056 00                  125 	.db #0x00	; 0
   0057 00                  126 	.db #0x00	; 0
   0058 00                  127 	.db #0x00	; 0
   0059 00                  128 	.db #0x00	; 0
   005A 00                  129 	.db #0x00	; 0
   005B 00                  130 	.db #0x00	; 0
   005C 00                  131 	.db #0x00	; 0
   005D 01                  132 	.db #0x01	; 1
   005E 00                  133 	.db #0x00	; 0
   005F 00                  134 	.db #0x00	; 0
   0060 FC                  135 	.db #0xfc	; 252
   0061 FC                  136 	.db #0xfc	; 252
   0062 86                  137 	.db #0x86	; 134
   0063 FE                  138 	.db #0xfe	; 254
   0064 70                  139 	.db #0x70	; 112	'p'
   0065 48                  140 	.db #0x48	; 72	'H'
   0066 70                  141 	.db #0x70	; 112	'p'
   0067 08                  142 	.db #0x08	; 8
   0068 78                  143 	.db #0x78	; 120	'x'
   0069 60                  144 	.db #0x60	; 96
   006A 08                  145 	.db #0x08	; 8
   006B 7C                  146 	.db #0x7c	; 124
   006C 10                  147 	.db #0x10	; 16
   006D 7E                  148 	.db #0x7e	; 126
   006E 20                  149 	.db #0x20	; 32
   006F FE                  150 	.db #0xfe	; 254
   0070 40                  151 	.db #0x40	; 64
   0071 FB                  152 	.db #0xfb	; 251
   0072 79                  153 	.db #0x79	; 121	'y'
   0073 78                  154 	.db #0x78	; 120	'x'
   0074 79                  155 	.db #0x79	; 121	'y'
   0075 79                  156 	.db #0x79	; 121	'y'
   0076 FD                  157 	.db #0xfd	; 253
   0077 FD                  158 	.db #0xfd	; 253
   0078 CC                  159 	.db #0xcc	; 204
   0079 CC                  160 	.db #0xcc	; 204
   007A CC                  161 	.db #0xcc	; 204
   007B CC                  162 	.db #0xcc	; 204
   007C 08                  163 	.db #0x08	; 8
   007D 88                  164 	.db #0x88	; 136
   007E 00                  165 	.db #0x00	; 0
   007F 18                  166 	.db #0x18	; 24
   0080 00                  167 	.db #0x00	; 0
   0081 00                  168 	.db #0x00	; 0
   0082 01                  169 	.db #0x01	; 1
   0083 01                  170 	.db #0x01	; 1
   0084 00                  171 	.db #0x00	; 0
   0085 00                  172 	.db #0x00	; 0
   0086 00                  173 	.db #0x00	; 0
   0087 00                  174 	.db #0x00	; 0
   0088 00                  175 	.db #0x00	; 0
   0089 00                  176 	.db #0x00	; 0
   008A 00                  177 	.db #0x00	; 0
   008B 00                  178 	.db #0x00	; 0
   008C 00                  179 	.db #0x00	; 0
   008D 00                  180 	.db #0x00	; 0
   008E 3F                  181 	.db #0x3f	; 63
   008F FE                  182 	.db #0xfe	; 254
   0090 00                  183 	.db #0x00	; 0
   0091 40                  184 	.db #0x40	; 64
   0092 00                  185 	.db #0x00	; 0
   0093 E0                  186 	.db #0xe0	; 224
   0094 00                  187 	.db #0x00	; 0
   0095 F0                  188 	.db #0xf0	; 240
   0096 00                  189 	.db #0x00	; 0
   0097 00                  190 	.db #0x00	; 0
   0098 00                  191 	.db #0x00	; 0
   0099 00                  192 	.db #0x00	; 0
   009A 00                  193 	.db #0x00	; 0
   009B 00                  194 	.db #0x00	; 0
   009C 00                  195 	.db #0x00	; 0
   009D 00                  196 	.db #0x00	; 0
   009E 00                  197 	.db #0x00	; 0
   009F 01                  198 	.db #0x01	; 1
   00A0 FC                  199 	.db #0xfc	; 252
   00A1 FC                  200 	.db #0xfc	; 252
   00A2 86                  201 	.db #0x86	; 134
   00A3 FE                  202 	.db #0xfe	; 254
   00A4 70                  203 	.db #0x70	; 112	'p'
   00A5 48                  204 	.db #0x48	; 72	'H'
   00A6 70                  205 	.db #0x70	; 112	'p'
   00A7 08                  206 	.db #0x08	; 8
   00A8 78                  207 	.db #0x78	; 120	'x'
   00A9 60                  208 	.db #0x60	; 96
   00AA 08                  209 	.db #0x08	; 8
   00AB 7C                  210 	.db #0x7c	; 124
   00AC 10                  211 	.db #0x10	; 16
   00AD 7E                  212 	.db #0x7e	; 126
   00AE 20                  213 	.db #0x20	; 32
   00AF FE                  214 	.db #0xfe	; 254
   00B0 40                  215 	.db #0x40	; 64
   00B1 FA                  216 	.db #0xfa	; 250
   00B2 79                  217 	.db #0x79	; 121	'y'
   00B3 7B                  218 	.db #0x7b	; 123
   00B4 7A                  219 	.db #0x7a	; 122	'z'
   00B5 78                  220 	.db #0x78	; 120	'x'
   00B6 FC                  221 	.db #0xfc	; 252
   00B7 FC                  222 	.db #0xfc	; 252
   00B8 CC                  223 	.db #0xcc	; 204
   00B9 CC                  224 	.db #0xcc	; 204
   00BA CC                  225 	.db #0xcc	; 204
   00BB CC                  226 	.db #0xcc	; 204
   00BC CC                  227 	.db #0xcc	; 204
   00BD CC                  228 	.db #0xcc	; 204
   00BE 00                  229 	.db #0x00	; 0
   00BF 98                  230 	.db #0x98	; 152
   00C0 3F                  231 	.db #0x3f	; 63
   00C1 3F                  232 	.db #0x3f	; 63
   00C2 61                  233 	.db #0x61	; 97	'a'
   00C3 7F                  234 	.db #0x7f	; 127
   00C4 0E                  235 	.db #0x0e	; 14
   00C5 12                  236 	.db #0x12	; 18
   00C6 0E                  237 	.db #0x0e	; 14
   00C7 10                  238 	.db #0x10	; 16
   00C8 1E                  239 	.db #0x1e	; 30
   00C9 06                  240 	.db #0x06	; 6
   00CA 10                  241 	.db #0x10	; 16
   00CB 3E                  242 	.db #0x3e	; 62
   00CC 08                  243 	.db #0x08	; 8
   00CD 7E                  244 	.db #0x7e	; 126
   00CE 04                  245 	.db #0x04	; 4
   00CF 7F                  246 	.db #0x7f	; 127
   00D0 02                  247 	.db #0x02	; 2
   00D1 5F                  248 	.db #0x5f	; 95
   00D2 1E                  249 	.db #0x1e	; 30
   00D3 5E                  250 	.db #0x5e	; 94
   00D4 DE                  251 	.db #0xde	; 222
   00D5 9E                  252 	.db #0x9e	; 158
   00D6 3F                  253 	.db #0x3f	; 63
   00D7 3F                  254 	.db #0x3f	; 63
   00D8 33                  255 	.db #0x33	; 51	'3'
   00D9 33                  256 	.db #0x33	; 51	'3'
   00DA 33                  257 	.db #0x33	; 51	'3'
   00DB 33                  258 	.db #0x33	; 51	'3'
   00DC 03                  259 	.db #0x03	; 3
   00DD 1B                  260 	.db #0x1b	; 27
   00DE 00                  261 	.db #0x00	; 0
   00DF 01                  262 	.db #0x01	; 1
   00E0 00                  263 	.db #0x00	; 0
   00E1 00                  264 	.db #0x00	; 0
   00E2 80                  265 	.db #0x80	; 128
   00E3 D8                  266 	.db #0xd8	; 216
   00E4 00                  267 	.db #0x00	; 0
   00E5 78                  268 	.db #0x78	; 120	'x'
   00E6 40                  269 	.db #0x40	; 64
   00E7 58                  270 	.db #0x58	; 88	'X'
   00E8 40                  271 	.db #0x40	; 64
   00E9 48                  272 	.db #0x48	; 72	'H'
   00EA 40                  273 	.db #0x40	; 64
   00EB 40                  274 	.db #0x40	; 64
   00EC 40                  275 	.db #0x40	; 64
   00ED 40                  276 	.db #0x40	; 64
   00EE C0                  277 	.db #0xc0	; 192
   00EF 40                  278 	.db #0x40	; 64
   00F0 40                  279 	.db #0x40	; 64
   00F1 40                  280 	.db #0x40	; 64
   00F2 40                  281 	.db #0x40	; 64
   00F3 40                  282 	.db #0x40	; 64
   00F4 40                  283 	.db #0x40	; 64
   00F5 40                  284 	.db #0x40	; 64
   00F6 40                  285 	.db #0x40	; 64
   00F7 40                  286 	.db #0x40	; 64
   00F8 40                  287 	.db #0x40	; 64
   00F9 40                  288 	.db #0x40	; 64
   00FA 40                  289 	.db #0x40	; 64
   00FB 40                  290 	.db #0x40	; 64
   00FC 00                  291 	.db #0x00	; 0
   00FD 00                  292 	.db #0x00	; 0
   00FE 00                  293 	.db #0x00	; 0
   00FF 80                  294 	.db #0x80	; 128
   0100 3F                  295 	.db #0x3f	; 63
   0101 3F                  296 	.db #0x3f	; 63
   0102 61                  297 	.db #0x61	; 97	'a'
   0103 7F                  298 	.db #0x7f	; 127
   0104 0E                  299 	.db #0x0e	; 14
   0105 12                  300 	.db #0x12	; 18
   0106 0E                  301 	.db #0x0e	; 14
   0107 10                  302 	.db #0x10	; 16
   0108 1E                  303 	.db #0x1e	; 30
   0109 06                  304 	.db #0x06	; 6
   010A 10                  305 	.db #0x10	; 16
   010B 3E                  306 	.db #0x3e	; 62
   010C 08                  307 	.db #0x08	; 8
   010D 7E                  308 	.db #0x7e	; 126
   010E 04                  309 	.db #0x04	; 4
   010F 7F                  310 	.db #0x7f	; 127
   0110 02                  311 	.db #0x02	; 2
   0111 DF                  312 	.db #0xdf	; 223
   0112 9E                  313 	.db #0x9e	; 158
   0113 1E                  314 	.db #0x1e	; 30
   0114 9E                  315 	.db #0x9e	; 158
   0115 9E                  316 	.db #0x9e	; 158
   0116 BF                  317 	.db #0xbf	; 191
   0117 BF                  318 	.db #0xbf	; 191
   0118 33                  319 	.db #0x33	; 51	'3'
   0119 33                  320 	.db #0x33	; 51	'3'
   011A 33                  321 	.db #0x33	; 51	'3'
   011B 33                  322 	.db #0x33	; 51	'3'
   011C 10                  323 	.db #0x10	; 16
   011D 11                  324 	.db #0x11	; 17
   011E 00                  325 	.db #0x00	; 0
   011F 18                  326 	.db #0x18	; 24
   0120 00                  327 	.db #0x00	; 0
   0121 00                  328 	.db #0x00	; 0
   0122 80                  329 	.db #0x80	; 128
   0123 80                  330 	.db #0x80	; 128
   0124 00                  331 	.db #0x00	; 0
   0125 00                  332 	.db #0x00	; 0
   0126 00                  333 	.db #0x00	; 0
   0127 00                  334 	.db #0x00	; 0
   0128 00                  335 	.db #0x00	; 0
   0129 04                  336 	.db #0x04	; 4
   012A 00                  337 	.db #0x00	; 0
   012B 0F                  338 	.db #0x0f	; 15
   012C 10                  339 	.db #0x10	; 16
   012D 17                  340 	.db #0x17	; 23
   012E 20                  341 	.db #0x20	; 32
   012F 26                  342 	.db #0x26	; 38
   0130 C0                  343 	.db #0xc0	; 192
   0131 44                  344 	.db #0x44	; 68	'D'
   0132 80                  345 	.db #0x80	; 128
   0133 80                  346 	.db #0x80	; 128
   0134 00                  347 	.db #0x00	; 0
   0135 00                  348 	.db #0x00	; 0
   0136 00                  349 	.db #0x00	; 0
   0137 00                  350 	.db #0x00	; 0
   0138 00                  351 	.db #0x00	; 0
   0139 00                  352 	.db #0x00	; 0
   013A 00                  353 	.db #0x00	; 0
   013B 00                  354 	.db #0x00	; 0
   013C 00                  355 	.db #0x00	; 0
   013D 80                  356 	.db #0x80	; 128
   013E 00                  357 	.db #0x00	; 0
   013F 00                  358 	.db #0x00	; 0
   0140 3F                  359 	.db #0x3f	; 63
   0141 3F                  360 	.db #0x3f	; 63
   0142 61                  361 	.db #0x61	; 97	'a'
   0143 7F                  362 	.db #0x7f	; 127
   0144 0E                  363 	.db #0x0e	; 14
   0145 12                  364 	.db #0x12	; 18
   0146 0E                  365 	.db #0x0e	; 14
   0147 10                  366 	.db #0x10	; 16
   0148 1E                  367 	.db #0x1e	; 30
   0149 06                  368 	.db #0x06	; 6
   014A 10                  369 	.db #0x10	; 16
   014B 3E                  370 	.db #0x3e	; 62
   014C 08                  371 	.db #0x08	; 8
   014D 7E                  372 	.db #0x7e	; 126
   014E 04                  373 	.db #0x04	; 4
   014F 7F                  374 	.db #0x7f	; 127
   0150 02                  375 	.db #0x02	; 2
   0151 5F                  376 	.db #0x5f	; 95
   0152 9E                  377 	.db #0x9e	; 158
   0153 DE                  378 	.db #0xde	; 222
   0154 5F                  379 	.db #0x5f	; 95
   0155 1F                  380 	.db #0x1f	; 31
   0156 3F                  381 	.db #0x3f	; 63
   0157 3F                  382 	.db #0x3f	; 63
   0158 33                  383 	.db #0x33	; 51	'3'
   0159 33                  384 	.db #0x33	; 51	'3'
   015A 33                  385 	.db #0x33	; 51	'3'
   015B 33                  386 	.db #0x33	; 51	'3'
   015C 33                  387 	.db #0x33	; 51	'3'
   015D 33                  388 	.db #0x33	; 51	'3'
   015E 00                  389 	.db #0x00	; 0
   015F 19                  390 	.db #0x19	; 25
   0160 00                  391 	.db #0x00	; 0
   0161 00                  392 	.db #0x00	; 0
   0162 80                  393 	.db #0x80	; 128
   0163 80                  394 	.db #0x80	; 128
   0164 00                  395 	.db #0x00	; 0
   0165 00                  396 	.db #0x00	; 0
   0166 00                  397 	.db #0x00	; 0
   0167 00                  398 	.db #0x00	; 0
   0168 00                  399 	.db #0x00	; 0
   0169 00                  400 	.db #0x00	; 0
   016A 00                  401 	.db #0x00	; 0
   016B 00                  402 	.db #0x00	; 0
   016C 00                  403 	.db #0x00	; 0
   016D 00                  404 	.db #0x00	; 0
   016E FC                  405 	.db #0xfc	; 252
   016F 7F                  406 	.db #0x7f	; 127
   0170 00                  407 	.db #0x00	; 0
   0171 02                  408 	.db #0x02	; 2
   0172 00                  409 	.db #0x00	; 0
   0173 07                  410 	.db #0x07	; 7
   0174 00                  411 	.db #0x00	; 0
   0175 0F                  412 	.db #0x0f	; 15
   0176 00                  413 	.db #0x00	; 0
   0177 00                  414 	.db #0x00	; 0
   0178 00                  415 	.db #0x00	; 0
   0179 00                  416 	.db #0x00	; 0
   017A 00                  417 	.db #0x00	; 0
   017B 00                  418 	.db #0x00	; 0
   017C 00                  419 	.db #0x00	; 0
   017D 00                  420 	.db #0x00	; 0
   017E 00                  421 	.db #0x00	; 0
   017F 80                  422 	.db #0x80	; 128
                            423 	.area _CABS (ABS)
