                              1 ;--------------------------------------------------------
                              2 ; File Created by SDCC : free open source ANSI-C Compiler
                              3 ; Version 3.6.0 #9615 (MINGW64)
                              4 ;--------------------------------------------------------
                              5 	.module enemy_b3
                              6 	.optsdcc -mgbz80
                              7 	
                              8 ;--------------------------------------------------------
                              9 ; Public variables in this module
                             10 ;--------------------------------------------------------
                             11 	.globl _enemy
                             12 ;--------------------------------------------------------
                             13 ; ram data
                             14 ;--------------------------------------------------------
                             15 	.area _DATA
                             16 ;--------------------------------------------------------
                             17 ; absolute external ram data
                             18 ;--------------------------------------------------------
                             19 	.area _DABS (ABS)
                             20 ;--------------------------------------------------------
                             21 ; global & static initialisations
                             22 ;--------------------------------------------------------
                             23 	.area _HOME
                             24 	.area _GSINIT
                             25 	.area _GSFINAL
                             26 	.area _GSINIT
                             27 ;--------------------------------------------------------
                             28 ; Home
                             29 ;--------------------------------------------------------
                             30 	.area _HOME
                             31 	.area _HOME
                             32 ;--------------------------------------------------------
                             33 ; code
                             34 ;--------------------------------------------------------
                             35 	.area _CODE
                             36 	.area _CODE
                             37 	.area _CODE_3
   0000                      38 _enemy:
   0000 07                   39 	.db #0x07	; 7
   0001 07                   40 	.db #0x07	; 7
   0002 0D                   41 	.db #0x0d	; 13
   0003 0D                   42 	.db #0x0d	; 13
   0004 0E                   43 	.db #0x0e	; 14
   0005 0F                   44 	.db #0x0f	; 15
   0006 07                   45 	.db #0x07	; 7
   0007 07                   46 	.db #0x07	; 7
   0008 06                   47 	.db #0x06	; 6
   0009 06                   48 	.db #0x06	; 6
   000A 0F                   49 	.db #0x0f	; 15
   000B 0B                   50 	.db #0x0b	; 11
   000C 3F                   51 	.db #0x3f	; 63
   000D 04                   52 	.db #0x04	; 4
   000E 7F                   53 	.db #0x7f	; 127
   000F 02                   54 	.db #0x02	; 2
   0010 6F                   55 	.db #0x6f	; 111	'o'
   0011 01                   56 	.db #0x01	; 1
   0012 6F                   57 	.db #0x6f	; 111	'o'
   0013 01                   58 	.db #0x01	; 1
   0014 6F                   59 	.db #0x6f	; 111	'o'
   0015 02                   60 	.db #0x02	; 2
   0016 0F                   61 	.db #0x0f	; 15
   0017 6F                   62 	.db #0x6f	; 111	'o'
   0018 0C                   63 	.db #0x0c	; 12
   0019 0C                   64 	.db #0x0c	; 12
   001A 0C                   65 	.db #0x0c	; 12
   001B 0C                   66 	.db #0x0c	; 12
   001C 0C                   67 	.db #0x0c	; 12
   001D 0C                   68 	.db #0x0c	; 12
   001E 00                   69 	.db #0x00	; 0
   001F 0C                   70 	.db #0x0c	; 12
   0020 E0                   71 	.db #0xe0	; 224
   0021 E2                   72 	.db #0xe2	; 226
   0022 B0                   73 	.db #0xb0	; 176
   0023 B7                   74 	.db #0xb7	; 183
   0024 70                   75 	.db #0x70	; 112	'p'
   0025 F7                   76 	.db #0xf7	; 247
   0026 E2                   77 	.db #0xe2	; 226
   0027 E2                   78 	.db #0xe2	; 226
   0028 62                   79 	.db #0x62	; 98	'b'
   0029 62                   80 	.db #0x62	; 98	'b'
   002A F2                   81 	.db #0xf2	; 242
   002B D2                   82 	.db #0xd2	; 210
   002C FE                   83 	.db #0xfe	; 254
   002D 22                   84 	.db #0x22	; 34
   002E FE                   85 	.db #0xfe	; 254
   002F 42                   86 	.db #0x42	; 66	'B'
   0030 F2                   87 	.db #0xf2	; 242
   0031 82                   88 	.db #0x82	; 130
   0032 F2                   89 	.db #0xf2	; 242
   0033 82                   90 	.db #0x82	; 130
   0034 F2                   91 	.db #0xf2	; 242
   0035 42                   92 	.db #0x42	; 66	'B'
   0036 F2                   93 	.db #0xf2	; 242
   0037 F2                   94 	.db #0xf2	; 242
   0038 32                   95 	.db #0x32	; 50	'2'
   0039 32                   96 	.db #0x32	; 50	'2'
   003A 32                   97 	.db #0x32	; 50	'2'
   003B 32                   98 	.db #0x32	; 50	'2'
   003C 30                   99 	.db #0x30	; 48	'0'
   003D 30                  100 	.db #0x30	; 48	'0'
   003E 00                  101 	.db #0x00	; 0
   003F 30                  102 	.db #0x30	; 48	'0'
   0040 07                  103 	.db #0x07	; 7
   0041 07                  104 	.db #0x07	; 7
   0042 0D                  105 	.db #0x0d	; 13
   0043 0D                  106 	.db #0x0d	; 13
   0044 0E                  107 	.db #0x0e	; 14
   0045 0F                  108 	.db #0x0f	; 15
   0046 07                  109 	.db #0x07	; 7
   0047 07                  110 	.db #0x07	; 7
   0048 06                  111 	.db #0x06	; 6
   0049 06                  112 	.db #0x06	; 6
   004A 0F                  113 	.db #0x0f	; 15
   004B 0B                  114 	.db #0x0b	; 11
   004C 3F                  115 	.db #0x3f	; 63
   004D 04                  116 	.db #0x04	; 4
   004E 7F                  117 	.db #0x7f	; 127
   004F 02                  118 	.db #0x02	; 2
   0050 6F                  119 	.db #0x6f	; 111	'o'
   0051 01                  120 	.db #0x01	; 1
   0052 6F                  121 	.db #0x6f	; 111	'o'
   0053 01                  122 	.db #0x01	; 1
   0054 6F                  123 	.db #0x6f	; 111	'o'
   0055 02                  124 	.db #0x02	; 2
   0056 0F                  125 	.db #0x0f	; 15
   0057 6F                  126 	.db #0x6f	; 111	'o'
   0058 0C                  127 	.db #0x0c	; 12
   0059 0C                  128 	.db #0x0c	; 12
   005A 0C                  129 	.db #0x0c	; 12
   005B 0C                  130 	.db #0x0c	; 12
   005C 0C                  131 	.db #0x0c	; 12
   005D 0C                  132 	.db #0x0c	; 12
   005E 00                  133 	.db #0x00	; 0
   005F 0C                  134 	.db #0x0c	; 12
   0060 E0                  135 	.db #0xe0	; 224
   0061 E2                  136 	.db #0xe2	; 226
   0062 B0                  137 	.db #0xb0	; 176
   0063 B7                  138 	.db #0xb7	; 183
   0064 70                  139 	.db #0x70	; 112	'p'
   0065 F7                  140 	.db #0xf7	; 247
   0066 E2                  141 	.db #0xe2	; 226
   0067 E2                  142 	.db #0xe2	; 226
   0068 62                  143 	.db #0x62	; 98	'b'
   0069 62                  144 	.db #0x62	; 98	'b'
   006A F2                  145 	.db #0xf2	; 242
   006B D2                  146 	.db #0xd2	; 210
   006C FE                  147 	.db #0xfe	; 254
   006D 22                  148 	.db #0x22	; 34
   006E FE                  149 	.db #0xfe	; 254
   006F 42                  150 	.db #0x42	; 66	'B'
   0070 F2                  151 	.db #0xf2	; 242
   0071 82                  152 	.db #0x82	; 130
   0072 F2                  153 	.db #0xf2	; 242
   0073 82                  154 	.db #0x82	; 130
   0074 F2                  155 	.db #0xf2	; 242
   0075 42                  156 	.db #0x42	; 66	'B'
   0076 F2                  157 	.db #0xf2	; 242
   0077 F2                  158 	.db #0xf2	; 242
   0078 32                  159 	.db #0x32	; 50	'2'
   0079 32                  160 	.db #0x32	; 50	'2'
   007A 32                  161 	.db #0x32	; 50	'2'
   007B 32                  162 	.db #0x32	; 50	'2'
   007C 00                  163 	.db #0x00	; 0
   007D 30                  164 	.db #0x30	; 48	'0'
   007E 00                  165 	.db #0x00	; 0
   007F 00                  166 	.db #0x00	; 0
   0080 07                  167 	.db #0x07	; 7
   0081 07                  168 	.db #0x07	; 7
   0082 0D                  169 	.db #0x0d	; 13
   0083 0D                  170 	.db #0x0d	; 13
   0084 0E                  171 	.db #0x0e	; 14
   0085 0F                  172 	.db #0x0f	; 15
   0086 07                  173 	.db #0x07	; 7
   0087 07                  174 	.db #0x07	; 7
   0088 06                  175 	.db #0x06	; 6
   0089 06                  176 	.db #0x06	; 6
   008A 0F                  177 	.db #0x0f	; 15
   008B 0B                  178 	.db #0x0b	; 11
   008C 3F                  179 	.db #0x3f	; 63
   008D 04                  180 	.db #0x04	; 4
   008E 7F                  181 	.db #0x7f	; 127
   008F 02                  182 	.db #0x02	; 2
   0090 6F                  183 	.db #0x6f	; 111	'o'
   0091 01                  184 	.db #0x01	; 1
   0092 6F                  185 	.db #0x6f	; 111	'o'
   0093 01                  186 	.db #0x01	; 1
   0094 0F                  187 	.db #0x0f	; 15
   0095 62                  188 	.db #0x62	; 98	'b'
   0096 0F                  189 	.db #0x0f	; 15
   0097 0F                  190 	.db #0x0f	; 15
   0098 0C                  191 	.db #0x0c	; 12
   0099 0C                  192 	.db #0x0c	; 12
   009A 0C                  193 	.db #0x0c	; 12
   009B 0C                  194 	.db #0x0c	; 12
   009C 00                  195 	.db #0x00	; 0
   009D 0C                  196 	.db #0x0c	; 12
   009E 00                  197 	.db #0x00	; 0
   009F 00                  198 	.db #0x00	; 0
   00A0 E0                  199 	.db #0xe0	; 224
   00A1 E0                  200 	.db #0xe0	; 224
   00A2 B0                  201 	.db #0xb0	; 176
   00A3 B0                  202 	.db #0xb0	; 176
   00A4 70                  203 	.db #0x70	; 112	'p'
   00A5 F2                  204 	.db #0xf2	; 242
   00A6 E0                  205 	.db #0xe0	; 224
   00A7 E7                  206 	.db #0xe7	; 231
   00A8 60                  207 	.db #0x60	; 96
   00A9 67                  208 	.db #0x67	; 103	'g'
   00AA F2                  209 	.db #0xf2	; 242
   00AB D2                  210 	.db #0xd2	; 210
   00AC F2                  211 	.db #0xf2	; 242
   00AD 22                  212 	.db #0x22	; 34
   00AE FE                  213 	.db #0xfe	; 254
   00AF 42                  214 	.db #0x42	; 66	'B'
   00B0 FE                  215 	.db #0xfe	; 254
   00B1 82                  216 	.db #0x82	; 130
   00B2 F2                  217 	.db #0xf2	; 242
   00B3 82                  218 	.db #0x82	; 130
   00B4 F2                  219 	.db #0xf2	; 242
   00B5 42                  220 	.db #0x42	; 66	'B'
   00B6 F2                  221 	.db #0xf2	; 242
   00B7 F2                  222 	.db #0xf2	; 242
   00B8 32                  223 	.db #0x32	; 50	'2'
   00B9 32                  224 	.db #0x32	; 50	'2'
   00BA 32                  225 	.db #0x32	; 50	'2'
   00BB 32                  226 	.db #0x32	; 50	'2'
   00BC 32                  227 	.db #0x32	; 50	'2'
   00BD 32                  228 	.db #0x32	; 50	'2'
   00BE 00                  229 	.db #0x00	; 0
   00BF 30                  230 	.db #0x30	; 48	'0'
   00C0 07                  231 	.db #0x07	; 7
   00C1 47                  232 	.db #0x47	; 71	'G'
   00C2 0F                  233 	.db #0x0f	; 15
   00C3 EF                  234 	.db #0xef	; 239
   00C4 0F                  235 	.db #0x0f	; 15
   00C5 EF                  236 	.db #0xef	; 239
   00C6 47                  237 	.db #0x47	; 71	'G'
   00C7 47                  238 	.db #0x47	; 71	'G'
   00C8 47                  239 	.db #0x47	; 71	'G'
   00C9 47                  240 	.db #0x47	; 71	'G'
   00CA 4F                  241 	.db #0x4f	; 79	'O'
   00CB 4B                  242 	.db #0x4b	; 75	'K'
   00CC 7F                  243 	.db #0x7f	; 127
   00CD 44                  244 	.db #0x44	; 68	'D'
   00CE 7F                  245 	.db #0x7f	; 127
   00CF 42                  246 	.db #0x42	; 66	'B'
   00D0 4F                  247 	.db #0x4f	; 79	'O'
   00D1 41                  248 	.db #0x41	; 65	'A'
   00D2 4F                  249 	.db #0x4f	; 79	'O'
   00D3 41                  250 	.db #0x41	; 65	'A'
   00D4 4F                  251 	.db #0x4f	; 79	'O'
   00D5 42                  252 	.db #0x42	; 66	'B'
   00D6 4F                  253 	.db #0x4f	; 79	'O'
   00D7 4F                  254 	.db #0x4f	; 79	'O'
   00D8 4C                  255 	.db #0x4c	; 76	'L'
   00D9 4C                  256 	.db #0x4c	; 76	'L'
   00DA 4C                  257 	.db #0x4c	; 76	'L'
   00DB 4C                  258 	.db #0x4c	; 76	'L'
   00DC 00                  259 	.db #0x00	; 0
   00DD 0C                  260 	.db #0x0c	; 12
   00DE 00                  261 	.db #0x00	; 0
   00DF 00                  262 	.db #0x00	; 0
   00E0 E0                  263 	.db #0xe0	; 224
   00E1 E0                  264 	.db #0xe0	; 224
   00E2 F0                  265 	.db #0xf0	; 240
   00E3 F0                  266 	.db #0xf0	; 240
   00E4 F0                  267 	.db #0xf0	; 240
   00E5 F0                  268 	.db #0xf0	; 240
   00E6 E0                  269 	.db #0xe0	; 224
   00E7 E0                  270 	.db #0xe0	; 224
   00E8 E0                  271 	.db #0xe0	; 224
   00E9 E0                  272 	.db #0xe0	; 224
   00EA F0                  273 	.db #0xf0	; 240
   00EB D0                  274 	.db #0xd0	; 208
   00EC FC                  275 	.db #0xfc	; 252
   00ED 20                  276 	.db #0x20	; 32
   00EE FE                  277 	.db #0xfe	; 254
   00EF 40                  278 	.db #0x40	; 64
   00F0 F6                  279 	.db #0xf6	; 246
   00F1 80                  280 	.db #0x80	; 128
   00F2 F6                  281 	.db #0xf6	; 246
   00F3 80                  282 	.db #0x80	; 128
   00F4 F6                  283 	.db #0xf6	; 246
   00F5 40                  284 	.db #0x40	; 64
   00F6 F0                  285 	.db #0xf0	; 240
   00F7 F6                  286 	.db #0xf6	; 246
   00F8 30                  287 	.db #0x30	; 48	'0'
   00F9 30                  288 	.db #0x30	; 48	'0'
   00FA 30                  289 	.db #0x30	; 48	'0'
   00FB 30                  290 	.db #0x30	; 48	'0'
   00FC 30                  291 	.db #0x30	; 48	'0'
   00FD 30                  292 	.db #0x30	; 48	'0'
   00FE 00                  293 	.db #0x00	; 0
   00FF 30                  294 	.db #0x30	; 48	'0'
   0100 07                  295 	.db #0x07	; 7
   0101 07                  296 	.db #0x07	; 7
   0102 0F                  297 	.db #0x0f	; 15
   0103 0F                  298 	.db #0x0f	; 15
   0104 0F                  299 	.db #0x0f	; 15
   0105 4F                  300 	.db #0x4f	; 79	'O'
   0106 07                  301 	.db #0x07	; 7
   0107 E7                  302 	.db #0xe7	; 231
   0108 07                  303 	.db #0x07	; 7
   0109 E7                  304 	.db #0xe7	; 231
   010A 4F                  305 	.db #0x4f	; 79	'O'
   010B 4B                  306 	.db #0x4b	; 75	'K'
   010C 4F                  307 	.db #0x4f	; 79	'O'
   010D 44                  308 	.db #0x44	; 68	'D'
   010E 7F                  309 	.db #0x7f	; 127
   010F 42                  310 	.db #0x42	; 66	'B'
   0110 7F                  311 	.db #0x7f	; 127
   0111 41                  312 	.db #0x41	; 65	'A'
   0112 4F                  313 	.db #0x4f	; 79	'O'
   0113 41                  314 	.db #0x41	; 65	'A'
   0114 4F                  315 	.db #0x4f	; 79	'O'
   0115 42                  316 	.db #0x42	; 66	'B'
   0116 4F                  317 	.db #0x4f	; 79	'O'
   0117 4F                  318 	.db #0x4f	; 79	'O'
   0118 4C                  319 	.db #0x4c	; 76	'L'
   0119 4C                  320 	.db #0x4c	; 76	'L'
   011A 4C                  321 	.db #0x4c	; 76	'L'
   011B 4C                  322 	.db #0x4c	; 76	'L'
   011C 4C                  323 	.db #0x4c	; 76	'L'
   011D 4C                  324 	.db #0x4c	; 76	'L'
   011E 00                  325 	.db #0x00	; 0
   011F 0C                  326 	.db #0x0c	; 12
   0120 E0                  327 	.db #0xe0	; 224
   0121 E0                  328 	.db #0xe0	; 224
   0122 F0                  329 	.db #0xf0	; 240
   0123 F0                  330 	.db #0xf0	; 240
   0124 F0                  331 	.db #0xf0	; 240
   0125 F0                  332 	.db #0xf0	; 240
   0126 E0                  333 	.db #0xe0	; 224
   0127 E0                  334 	.db #0xe0	; 224
   0128 E0                  335 	.db #0xe0	; 224
   0129 E0                  336 	.db #0xe0	; 224
   012A F0                  337 	.db #0xf0	; 240
   012B D0                  338 	.db #0xd0	; 208
   012C FC                  339 	.db #0xfc	; 252
   012D 20                  340 	.db #0x20	; 32
   012E FE                  341 	.db #0xfe	; 254
   012F 40                  342 	.db #0x40	; 64
   0130 F6                  343 	.db #0xf6	; 246
   0131 80                  344 	.db #0x80	; 128
   0132 F6                  345 	.db #0xf6	; 246
   0133 80                  346 	.db #0x80	; 128
   0134 F0                  347 	.db #0xf0	; 240
   0135 46                  348 	.db #0x46	; 70	'F'
   0136 F0                  349 	.db #0xf0	; 240
   0137 F0                  350 	.db #0xf0	; 240
   0138 30                  351 	.db #0x30	; 48	'0'
   0139 30                  352 	.db #0x30	; 48	'0'
   013A 30                  353 	.db #0x30	; 48	'0'
   013B 30                  354 	.db #0x30	; 48	'0'
   013C 00                  355 	.db #0x00	; 0
   013D 30                  356 	.db #0x30	; 48	'0'
   013E 00                  357 	.db #0x00	; 0
   013F 00                  358 	.db #0x00	; 0
                            359 	.area _CABS (ABS)
