                              1 ;--------------------------------------------------------
                              2 ; File Created by SDCC : free open source ANSI-C Compiler
                              3 ; Version 3.6.0 #9615 (MINGW64)
                              4 ;--------------------------------------------------------
                              5 	.module tiles_b3
                              6 	.optsdcc -mgbz80
                              7 	
                              8 ;--------------------------------------------------------
                              9 ; Public variables in this module
                             10 ;--------------------------------------------------------
                             11 	.globl _tiles
                             12 ;--------------------------------------------------------
                             13 ; ram data
                             14 ;--------------------------------------------------------
                             15 	.area _DATA
                             16 ;--------------------------------------------------------
                             17 ; absolute external ram data
                             18 ;--------------------------------------------------------
                             19 	.area _DABS (ABS)
                             20 ;--------------------------------------------------------
                             21 ; global & static initialisations
                             22 ;--------------------------------------------------------
                             23 	.area _HOME
                             24 	.area _GSINIT
                             25 	.area _GSFINAL
                             26 	.area _GSINIT
                             27 ;--------------------------------------------------------
                             28 ; Home
                             29 ;--------------------------------------------------------
                             30 	.area _HOME
                             31 	.area _HOME
                             32 ;--------------------------------------------------------
                             33 ; code
                             34 ;--------------------------------------------------------
                             35 	.area _CODE
                             36 	.area _CODE
                             37 	.area _CODE_3
   0000                      38 _tiles:
   0000 00                   39 	.db #0x00	; 0
   0001 00                   40 	.db #0x00	; 0
   0002 00                   41 	.db #0x00	; 0
   0003 00                   42 	.db #0x00	; 0
   0004 00                   43 	.db #0x00	; 0
   0005 00                   44 	.db #0x00	; 0
   0006 00                   45 	.db #0x00	; 0
   0007 00                   46 	.db #0x00	; 0
   0008 00                   47 	.db #0x00	; 0
   0009 00                   48 	.db #0x00	; 0
   000A 00                   49 	.db #0x00	; 0
   000B 00                   50 	.db #0x00	; 0
   000C 00                   51 	.db #0x00	; 0
   000D 00                   52 	.db #0x00	; 0
   000E 00                   53 	.db #0x00	; 0
   000F 00                   54 	.db #0x00	; 0
   0010 FF                   55 	.db #0xff	; 255
   0011 FF                   56 	.db #0xff	; 255
   0012 FD                   57 	.db #0xfd	; 253
   0013 C3                   58 	.db #0xc3	; 195
   0014 FB                   59 	.db #0xfb	; 251
   0015 A5                   60 	.db #0xa5	; 165
   0016 F7                   61 	.db #0xf7	; 247
   0017 99                   62 	.db #0x99	; 153
   0018 EF                   63 	.db #0xef	; 239
   0019 99                   64 	.db #0x99	; 153
   001A DF                   65 	.db #0xdf	; 223
   001B A5                   66 	.db #0xa5	; 165
   001C BF                   67 	.db #0xbf	; 191
   001D C3                   68 	.db #0xc3	; 195
   001E FF                   69 	.db #0xff	; 255
   001F FF                   70 	.db #0xff	; 255
                             71 	.area _CABS (ABS)
