                              1 ;--------------------------------------------------------
                              2 ; File Created by SDCC : free open source ANSI-C Compiler
                              3 ; Version 3.6.0 #9615 (MINGW64)
                              4 ;--------------------------------------------------------
                              5 	.module StateGame5
                              6 	.optsdcc -mgbz80
                              7 	
                              8 ;--------------------------------------------------------
                              9 ; Public variables in this module
                             10 ;--------------------------------------------------------
                             11 	.globl _SpriteManagerAdd
                             12 	.globl _SpriteManagerLoad
                             13 	.globl _InitScrollColor
                             14 	.globl _ZInitScrollTilesColor
                             15 	.globl _SetState
                             16 	.globl _collilision_tiles5
                             17 	.globl _bank_STATE_GAME5
                             18 	.globl _Start_STATE_GAME5
                             19 	.globl _Update_STATE_GAME5
                             20 ;--------------------------------------------------------
                             21 ; ram data
                             22 ;--------------------------------------------------------
                             23 	.area _DATA
   0000                      24 _bank_STATE_GAME5::
   0000                      25 	.ds 1
   0001                      26 _collilision_tiles5::
   0001                      27 	.ds 5
                             28 ;--------------------------------------------------------
                             29 ; absolute external ram data
                             30 ;--------------------------------------------------------
                             31 	.area _DABS (ABS)
                             32 ;--------------------------------------------------------
                             33 ; global & static initialisations
                             34 ;--------------------------------------------------------
                             35 	.area _HOME
                             36 	.area _GSINIT
                             37 	.area _GSFINAL
                             38 	.area _GSINIT
                             39 ;StateGame5.c:3: UINT8 bank_STATE_GAME5 = 2;
   0000 21r00r00             40 	ld	hl,#_bank_STATE_GAME5
   0003 36 02                41 	ld	(hl),#0x02
                             42 ;StateGame5.c:14: UINT8 collilision_tiles5[] = { 1,2,3,4,0 };
   0005 21r01r00             43 	ld	hl,#_collilision_tiles5
   0008 36 01                44 	ld	(hl),#0x01
   000A 21r02r00             45 	ld	hl,#(_collilision_tiles5 + 0x0001)
   000D 36 02                46 	ld	(hl),#0x02
   000F 21r03r00             47 	ld	hl,#(_collilision_tiles5 + 0x0002)
   0012 36 03                48 	ld	(hl),#0x03
   0014 21r04r00             49 	ld	hl,#(_collilision_tiles5 + 0x0003)
   0017 36 04                50 	ld	(hl),#0x04
   0019 21r05r00             51 	ld	hl,#(_collilision_tiles5 + 0x0004)
   001C 36 00                52 	ld	(hl),#0x00
                             53 ;--------------------------------------------------------
                             54 ; Home
                             55 ;--------------------------------------------------------
                             56 	.area _HOME
                             57 	.area _HOME
                             58 ;--------------------------------------------------------
                             59 ; code
                             60 ;--------------------------------------------------------
                             61 	.area _CODE_2
                             62 ;StateGame5.c:16: void Start_STATE_GAME5() {
                             63 ;	---------------------------------
                             64 ; Function Start_STATE_GAME5
                             65 ; ---------------------------------
   0000                      66 _Start_STATE_GAME5::
                             67 ;StateGame5.c:18: next_lvl=6;
   0000 21r00r00             68 	ld	hl,#_next_lvl
   0003 36 06                69 	ld	(hl),#0x06
   0005 23                   70 	inc	hl
   0006 36 00                71 	ld	(hl),#0x00
                             72 ;StateGame5.c:19: NR52_REG = 0x80; //Enables sound, you should always setup this first
   0008 21 26 FF             73 	ld	hl,#0xff26
   000B 36 80                74 	ld	(hl),#0x80
                             75 ;StateGame5.c:20: NR51_REG = 0xFF; //Enables all channels (left and right)
   000D 2E 25                76 	ld	l, #0x25
   000F 36 FF                77 	ld	(hl),#0xff
                             78 ;StateGame5.c:21: NR50_REG = 0x77; //Max volume
   0011 2E 24                79 	ld	l, #0x24
   0013 36 77                80 	ld	(hl),#0x77
                             81 ;StateGame5.c:23: SPRITES_8x16;
   0015 11 40 FF             82 	ld	de,#0xff40
   0018 1A                   83 	ld	a,(de)
   0019 4F                   84 	ld	c,a
   001A 06 00                85 	ld	b,#0x00
   001C 79                   86 	ld	a,c
   001D CB D7                87 	set	2, a
   001F 4F                   88 	ld	c,a
   0020 2E 40                89 	ld	l, #0x40
   0022 71                   90 	ld	(hl),c
                             91 ;StateGame5.c:24: for(i = 0; i != n_sprite_types; ++ i) {
   0023 06 00                92 	ld	b,#0x00
   0025                      93 00103$:
   0025 21r00r00             94 	ld	hl,#_n_sprite_types
   0028 7E                   95 	ld	a,(hl)
   0029 90                   96 	sub	a, b
   002A 28 0B                97 	jr	Z,00101$
                             98 ;StateGame5.c:25: SpriteManagerLoad(i);
   002C C5                   99 	push	bc
   002D C5                  100 	push	bc
   002E 33                  101 	inc	sp
   002F CDr00r00            102 	call	_SpriteManagerLoad
   0032 33                  103 	inc	sp
   0033 C1                  104 	pop	bc
                            105 ;StateGame5.c:24: for(i = 0; i != n_sprite_types; ++ i) {
   0034 04                  106 	inc	b
   0035 18 EE               107 	jr	00103$
   0037                     108 00101$:
                            109 ;StateGame5.c:27: SHOW_SPRITES;
   0037 11 40 FF            110 	ld	de,#0xff40
   003A 1A                  111 	ld	a,(de)
   003B 4F                  112 	ld	c,a
   003C 06 00               113 	ld	b,#0x00
   003E 79                  114 	ld	a,c
   003F CB CF               115 	set	1, a
   0041 4F                  116 	ld	c,a
   0042 21 40 FF            117 	ld	hl,#0xff40
   0045 71                  118 	ld	(hl),c
                            119 ;StateGame5.c:29: scroll_target = SpriteManagerAdd(SPRITE_PLAYER, 24, 24);
   0046 21 18 00            120 	ld	hl,#0x0018
   0049 E5                  121 	push	hl
   004A 2E 18               122 	ld	l, #0x18
   004C E5                  123 	push	hl
   004D AF                  124 	xor	a, a
   004E F5                  125 	push	af
   004F 33                  126 	inc	sp
   0050 CDr00r00            127 	call	_SpriteManagerAdd
   0053 E8 05               128 	add	sp, #5
   0055 21r00r00            129 	ld	hl,#_scroll_target
   0058 73                  130 	ld	(hl),e
   0059 23                  131 	inc	hl
   005A 72                  132 	ld	(hl),d
                            133 ;StateGame5.c:31: have_bomb=2;
   005B 21r00r00            134 	ld	hl,#_have_bomb
   005E 36 02               135 	ld	(hl),#0x02
   0060 23                  136 	inc	hl
   0061 36 00               137 	ld	(hl),#0x00
                            138 ;StateGame5.c:33: door_x = 186;
   0063 21r00r00            139 	ld	hl,#_door_x
   0066 36 BA               140 	ld	(hl),#0xba
   0068 23                  141 	inc	hl
   0069 36 00               142 	ld	(hl),#0x00
                            143 ;StateGame5.c:34: door_y = 176;
   006B 21r00r00            144 	ld	hl,#_door_y
   006E 36 B0               145 	ld	(hl),#0xb0
   0070 23                  146 	inc	hl
   0071 36 00               147 	ld	(hl),#0x00
                            148 ;StateGame5.c:35: SpriteManagerAdd(SPRITE_KEY, 416, 120);
   0073 21 78 00            149 	ld	hl,#0x0078
   0076 E5                  150 	push	hl
   0077 21 A0 01            151 	ld	hl,#0x01a0
   007A E5                  152 	push	hl
   007B 3E 03               153 	ld	a,#0x03
   007D F5                  154 	push	af
   007E 33                  155 	inc	sp
   007F CDr00r00            156 	call	_SpriteManagerAdd
   0082 E8 05               157 	add	sp, #5
                            158 ;StateGame5.c:36: SpriteManagerAdd(SPRITE_DOOR, door_x, door_y);
   0084 21r00r00            159 	ld	hl,#_door_y
   0087 2A                  160 	ld	a,(hl+)
   0088 66                  161 	ld	h,(hl)
   0089 6F                  162 	ld	l,a
   008A E5                  163 	push	hl
   008B 21r00r00            164 	ld	hl,#_door_x
   008E 2A                  165 	ld	a,(hl+)
   008F 66                  166 	ld	h,(hl)
   0090 6F                  167 	ld	l,a
   0091 E5                  168 	push	hl
   0092 3E 04               169 	ld	a,#0x04
   0094 F5                  170 	push	af
   0095 33                  171 	inc	sp
   0096 CDr00r00            172 	call	_SpriteManagerAdd
   0099 E8 05               173 	add	sp, #5
                            174 ;StateGame5.c:38: SpriteManagerAdd(SPRITE_ENEMY, 96, 72);
   009B 21 48 00            175 	ld	hl,#0x0048
   009E E5                  176 	push	hl
   009F 2E 60               177 	ld	l, #0x60
   00A1 E5                  178 	push	hl
   00A2 3E 01               179 	ld	a,#0x01
   00A4 F5                  180 	push	af
   00A5 33                  181 	inc	sp
   00A6 CDr00r00            182 	call	_SpriteManagerAdd
   00A9 E8 05               183 	add	sp, #5
                            184 ;StateGame5.c:39: SpriteManagerAdd(SPRITE_ENEMY, 272, 72);
   00AB 21 48 00            185 	ld	hl,#0x0048
   00AE E5                  186 	push	hl
   00AF 21 10 01            187 	ld	hl,#0x0110
   00B2 E5                  188 	push	hl
   00B3 3E 01               189 	ld	a,#0x01
   00B5 F5                  190 	push	af
   00B6 33                  191 	inc	sp
   00B7 CDr00r00            192 	call	_SpriteManagerAdd
   00BA E8 05               193 	add	sp, #5
                            194 ;StateGame5.c:40: SpriteManagerAdd(SPRITE_ENEMY, 352, 65);
   00BC 21 41 00            195 	ld	hl,#0x0041
   00BF E5                  196 	push	hl
   00C0 21 60 01            197 	ld	hl,#0x0160
   00C3 E5                  198 	push	hl
   00C4 3E 01               199 	ld	a,#0x01
   00C6 F5                  200 	push	af
   00C7 33                  201 	inc	sp
   00C8 CDr00r00            202 	call	_SpriteManagerAdd
   00CB E8 05               203 	add	sp, #5
                            204 ;StateGame5.c:41: SpriteManagerAdd(SPRITE_ENEMY, 178, 65);
   00CD 21 41 00            205 	ld	hl,#0x0041
   00D0 E5                  206 	push	hl
   00D1 2E B2               207 	ld	l, #0xb2
   00D3 E5                  208 	push	hl
   00D4 3E 01               209 	ld	a,#0x01
   00D6 F5                  210 	push	af
   00D7 33                  211 	inc	sp
   00D8 CDr00r00            212 	call	_SpriteManagerAdd
   00DB E8 05               213 	add	sp, #5
                            214 ;StateGame5.c:42: SpriteManagerAdd(SPRITE_ENEMY2, 186, 170);
   00DD 21 AA 00            215 	ld	hl,#0x00aa
   00E0 E5                  216 	push	hl
   00E1 2E BA               217 	ld	l, #0xba
   00E3 E5                  218 	push	hl
   00E4 3E 02               219 	ld	a,#0x02
   00E6 F5                  220 	push	af
   00E7 33                  221 	inc	sp
   00E8 CDr00r00            222 	call	_SpriteManagerAdd
   00EB E8 05               223 	add	sp, #5
                            224 ;StateGame5.c:44: InitScrollTiles(0, 59, tiles, 3);
   00ED 21 00 00            225 	ld	hl,#0x0000
   00F0 E5                  226 	push	hl
   00F1 3E 03               227 	ld	a,#0x03
   00F3 F5                  228 	push	af
   00F4 33                  229 	inc	sp
   00F5 21r00r00            230 	ld	hl,#_tiles
   00F8 E5                  231 	push	hl
   00F9 21 00 3B            232 	ld	hl,#0x3b00
   00FC E5                  233 	push	hl
   00FD CDr00r00            234 	call	_ZInitScrollTilesColor
   0100 E8 07               235 	add	sp, #7
                            236 ;StateGame5.c:45: InitScroll(map5Width, map5Height, map5, collilision_tiles5, 0, 3);
   0102 21 00 00            237 	ld	hl,#0x0000
   0105 E5                  238 	push	hl
   0106 3E 03               239 	ld	a,#0x03
   0108 F5                  240 	push	af
   0109 33                  241 	inc	sp
   010A 2E 00               242 	ld	l, #0x00
   010C E5                  243 	push	hl
   010D 21r01r00            244 	ld	hl,#_collilision_tiles5
   0110 E5                  245 	push	hl
   0111 21r00r00            246 	ld	hl,#_map5
   0114 E5                  247 	push	hl
   0115 21 19 00            248 	ld	hl,#0x0019
   0118 E5                  249 	push	hl
   0119 2E 38               250 	ld	l, #0x38
   011B E5                  251 	push	hl
   011C CDr00r00            252 	call	_InitScrollColor
   011F E8 0D               253 	add	sp, #13
                            254 ;StateGame5.c:46: SHOW_BKG;
   0121 11 40 FF            255 	ld	de,#0xff40
   0124 1A                  256 	ld	a,(de)
   0125 4F                  257 	ld	c,a
   0126 06 00               258 	ld	b,#0x00
   0128 79                  259 	ld	a,c
   0129 CB C7               260 	set	0, a
   012B 4F                  261 	ld	c,a
   012C 21 40 FF            262 	ld	hl,#0xff40
   012F 71                  263 	ld	(hl),c
   0130 C9                  264 	ret
                            265 ;StateGame5.c:51: void Update_STATE_GAME5() {
                            266 ;	---------------------------------
                            267 ; Function Update_STATE_GAME5
                            268 ; ---------------------------------
   0131                     269 _Update_STATE_GAME5::
                            270 ;StateGame5.c:52: if (KEY_PRESSED(J_START)) {
   0131 21r00r00            271 	ld	hl,#_keys
   0134 4E                  272 	ld	c,(hl)
   0135 06 00               273 	ld	b,#0x00
   0137 CB 79               274 	bit	7, c
   0139 C8                  275 	ret	Z
                            276 ;StateGame5.c:53: SetState(STATE_GAME6);
   013A 3E 06               277 	ld	a,#0x06
   013C F5                  278 	push	af
   013D 33                  279 	inc	sp
   013E CDr00r00            280 	call	_SetState
   0141 33                  281 	inc	sp
   0142 C9                  282 	ret
                            283 	.area _CODE_2
                            284 	.area _CABS (ABS)
